// Jest Snapshot v1, https://goo.gl/fbAQLP

exports[`Card security reports app Empty State renders correctly renders empty state component with correct props 1`] = `
Object {
  "compact": false,
  "description": "The security dashboard displays the latest security report. Use it to find and fix vulnerabilities.",
  "primaryButtonLink": "http://test.host/help_dashboard",
  "primaryButtonText": "Learn more",
  "secondaryButtonLink": null,
  "secondaryButtonText": null,
  "svgPath": "http://test.host/img",
  "title": "Monitor vulnerabilities in your code",
}
`;

exports[`Card security reports app Headline renders renders branch and commit information 1`] = `
"<span class=\\"js-security-dashboard-right pull-right\\"><svg aria-hidden=\\"true\\" class=\\"s16 ic-branch\\"><use xlink:href=\\"#branch\\"></use></svg> <a href=\\"http://test.host/branch\\" class=\\"monospace\\">master</a> <span class=\\"text-muted prepend-left-5 append-right-5\\">Â·</span> <svg aria-hidden=\\"true\\" class=\\"s16 ic-commit\\">
  <use xlink:href=\\"#commit\\"></use>
</svg> <a href=\\"http://test.host/commit\\" class=\\"monospace\\">1234adf</a></span>"
`;
