// Jest Snapshot v1, https://goo.gl/fbAQLP

exports[`SubscriptionApp component on creation matches the snapshot 1`] = `
<subscription-table-stub
  customerportalurl="https://customers.gitlab.com/subscriptions"
  namespacename="bronze"
  planupgradehref="/url"
/>
`;
