// Jest Snapshot v1, https://goo.gl/fbAQLP

exports[`PackageTitle renders with tags 1`] = `
<div
  class="flex-column"
>
  <h1
    class="gl-font-size-20 prepend-top-8 append-bottom-4"
  >
    Test package
  </h1>
   
  <div
    class="d-flex align-items-center text-secondary"
  >
    <gl-icon-stub
      class="append-right-8"
      name="eye"
      size="16"
    />
     
    <gl-sprintf-stub
      message="v%{version} published %{timeAgo}"
    />
  </div>
   
  <div
    class="d-flex flex-wrap align-items-center append-bottom-8"
  >
    <div
      class="d-flex align-items-center append-right-default"
    >
      <gl-icon-stub
        class="text-secondary append-right-8"
        name="package"
        size="16"
      />
       
      <span
        class="font-weight-bold"
      >
        maven
      </span>
    </div>
     
    <div
      class="d-flex align-items-center append-right-default"
    >
      <package-tags-stub
        tagdisplaylimit="1"
        tags="[object Object],[object Object],[object Object],[object Object]"
      />
    </div>
     
    <div
      class="d-flex align-items-center append-right-default"
    >
      <gl-icon-stub
        class="text-secondary append-right-8"
        name="disk"
        size="16"
      />
       
      <span
        class="font-weight-bold"
      >
        300 bytes
      </span>
    </div>
  </div>
</div>
`;

exports[`PackageTitle renders without tags 1`] = `
<div
  class="flex-column"
>
  <h1
    class="gl-font-size-20 prepend-top-8 append-bottom-4"
  >
    Test package
  </h1>
   
  <div
    class="d-flex align-items-center text-secondary"
  >
    <gl-icon-stub
      class="append-right-8"
      name="eye"
      size="16"
    />
     
    <gl-sprintf-stub
      message="v%{version} published %{timeAgo}"
    />
  </div>
   
  <div
    class="d-flex flex-wrap align-items-center append-bottom-8"
  >
    <div
      class="d-flex align-items-center append-right-default"
    >
      <gl-icon-stub
        class="text-secondary append-right-8"
        name="package"
        size="16"
      />
       
      <span
        class="font-weight-bold"
      >
        maven
      </span>
    </div>
     
    <!---->
     
    <div
      class="d-flex align-items-center append-right-default"
    >
      <gl-icon-stub
        class="text-secondary append-right-8"
        name="disk"
        size="16"
      />
       
      <span
        class="font-weight-bold"
      >
        300 bytes
      </span>
    </div>
  </div>
</div>
`;
