// Jest Snapshot v1, https://goo.gl/fbAQLP

exports[`Security Configuration App features table displays a given feature 1`] = `
<section
  class="mt-0"
>
  <div
    class="gl-responsive-table-row table-row-header text-2 font-weight-bold px-2 gl-text-gray-900"
    role="row"
  >
    <div
      class="table-section section-80"
    >
      
        Secure features
      
    </div>
     
    <div
      class="table-section section-20"
    >
      Status
    </div>
  </div>
   
  <div
    class="gl-responsive-table-row flex-md-column align-items-md-stretch px-2"
  >
    <div
      class="d-md-flex align-items-center"
    >
      <div
        class="table-section section-80 section-wrap pr-md-3"
      >
        <div
          class="table-mobile-header"
          role="rowheader"
        >
          
            Feature
          
        </div>
         
        <div
          class="table-mobile-content"
        >
          <div
            class="d-flex align-items-center justify-content-end justify-content-md-start"
          >
            <div
              class="text-2 gl-text-gray-900"
            >
              
                name-feature-0
              
            </div>
          </div>
           
          <div
            class="text-secondary"
          >
            
              description-feature-0
              
            <gl-link-stub
              aria-label="Feature documentation for name-feature-0"
              href="link-feature-0"
              target="_blank"
            >
              More information
            </gl-link-stub>
          </div>
        </div>
      </div>
       
      <div
        class="table-section section-20 section-wrap pr-md-3"
      >
        <div
          class="table-mobile-header"
          role="rowheader"
        >
          
            Status
          
        </div>
         
        <div
          class="table-mobile-content"
        >
          
            Not yet configured
          
        </div>
      </div>
    </div>
  </div>
</section>
`;
