// Jest Snapshot v1, https://goo.gl/fbAQLP

exports[`ThreatMonitoringSection component given the statistics are loading shows the loading skeleton 1`] = `
<loading-skeleton-stub
  class="mt-3"
/>
`;

exports[`ThreatMonitoringSection component given there is a default environment with no data to display shows the chart empty state 1`] = `
<gl-empty-state-stub
  description="Empty Text"
  primarybuttonlink="documentation_path"
  primarybuttontext="Learn More"
  svgpath="svg_path"
  title="No traffic to display"
/>
`;
