// Jest Snapshot v1, https://goo.gl/fbAQLP

exports[`Design note component should match the snapshot 1`] = `
<timeline-entry-item-stub
  class="design-note note-form"
  id="note_undefined"
>
  <user-avatar-link-stub
    imgalt=""
    imgcssclasses=""
    imgsize="40"
    imgsrc=""
    linkhref=""
    tooltipplacement="top"
    tooltiptext=""
    username=""
  />
   
  <a
    class="js-user-link"
    data-user-id="author-id"
  >
    <span
      class="note-header-author-name bold"
    >
      
    </span>
     
    <!---->
     
    <span
      class="note-headline-light"
    >
      @
    </span>
  </a>
   
  <span
    class="note-headline-light note-headline-meta"
  >
    <span
      class="system-note-message"
    />
     
    <span
      class="system-note-separator"
    />
     
    <a
      class="note-timestamp system-note-separator"
      href="#note_undefined"
    >
      <time-ago-tooltip-stub
        cssclass=""
        time="2019-07-26T15:02:20Z"
        tooltipplacement="bottom"
      />
    </a>
  </span>
   
  <div
    class="note-text md"
    data-qa-selector="note_content"
  />
</timeline-entry-item-stub>
`;
