// Jest Snapshot v1, https://goo.gl/fbAQLP

exports[`Event Item with action buttons renders the action buttons 1`] = `
VueWrapper {
  "_emitted": Object {},
  "_emittedByOrder": Array [],
  "isFunctionalComponent": undefined,
}
`;
