// Jest Snapshot v1, https://goo.gl/fbAQLP

exports[`Sast Issue Body matches snapshot 1`] = `
<div
  class="report-block-list-issue-description prepend-top-5 append-bottom-5"
>
  <div
    class="report-block-list-issue-description-text"
  >
    <severity-badge-stub
      class="d-inline-block"
      severity="Medium"
    />
     
    <modal-open-name-stub
      issue="[object Object]"
      status="failed"
    />
  </div>
   
  <!---->
</div>
`;
