// Jest Snapshot v1, https://goo.gl/fbAQLP

exports[`packages_list_app renders 1`] = `
<b-tabs-stub
  activenavitemclass="gl-tab-nav-item-active gl-tab-nav-item-active-indigo"
  class="gl-tabs"
  contentclass=",gl-tab-content"
  navclass="gl-tabs-nav"
  nofade="true"
  nonavstyle="true"
  tag="div"
>
  <template>
     
    <b-tab-stub
      buttonid=""
      tag="div"
      title="All"
      titlelinkclass="gl-tab-nav-item"
    >
      <template>
        <div>
          <div
            class="row empty-state"
          >
            <div
              class="col-12"
            >
              <div
                class="svg-250 svg-content"
              >
                <img
                  alt="There are no packages yet"
                  class=""
                  src="helpSvg"
                />
              </div>
            </div>
             
            <div
              class="col-12"
            >
              <div
                class="text-content"
              >
                <h4
                  class="center"
                  style=""
                >
                  There are no packages yet
                </h4>
                 
                <p
                  class="center"
                  style=""
                >
                  <p>
                    Learn how to 
                    <a
                      href="helpUrl"
                      target="_blank"
                    >
                      publish and share your packages
                    </a>
                     with GitLab.
                  </p>
                </p>
                 
                <div
                  class="text-center"
                >
                  <!---->
                   
                  <!---->
                </div>
              </div>
            </div>
          </div>
        </div>
      </template>
    </b-tab-stub>
    <b-tab-stub
      buttonid=""
      tag="div"
      title="Conan"
      titlelinkclass="gl-tab-nav-item"
    >
      <template>
        <div>
          <div
            class="row empty-state"
          >
            <div
              class="col-12"
            >
              <div
                class="svg-250 svg-content"
              >
                <img
                  alt="There are no Conan packages yet"
                  class=""
                  src="helpSvg"
                />
              </div>
            </div>
             
            <div
              class="col-12"
            >
              <div
                class="text-content"
              >
                <h4
                  class="center"
                  style=""
                >
                  There are no Conan packages yet
                </h4>
                 
                <p
                  class="center"
                  style=""
                >
                  <p>
                    Learn how to 
                    <a
                      href="helpUrl"
                      target="_blank"
                    >
                      publish and share your packages
                    </a>
                     with GitLab.
                  </p>
                </p>
                 
                <div
                  class="text-center"
                >
                  <!---->
                   
                  <!---->
                </div>
              </div>
            </div>
          </div>
        </div>
      </template>
    </b-tab-stub>
    <b-tab-stub
      buttonid=""
      tag="div"
      title="Maven"
      titlelinkclass="gl-tab-nav-item"
    >
      <template>
        <div>
          <div
            class="row empty-state"
          >
            <div
              class="col-12"
            >
              <div
                class="svg-250 svg-content"
              >
                <img
                  alt="There are no Maven packages yet"
                  class=""
                  src="helpSvg"
                />
              </div>
            </div>
             
            <div
              class="col-12"
            >
              <div
                class="text-content"
              >
                <h4
                  class="center"
                  style=""
                >
                  There are no Maven packages yet
                </h4>
                 
                <p
                  class="center"
                  style=""
                >
                  <p>
                    Learn how to 
                    <a
                      href="helpUrl"
                      target="_blank"
                    >
                      publish and share your packages
                    </a>
                     with GitLab.
                  </p>
                </p>
                 
                <div
                  class="text-center"
                >
                  <!---->
                   
                  <!---->
                </div>
              </div>
            </div>
          </div>
        </div>
      </template>
    </b-tab-stub>
    <b-tab-stub
      buttonid=""
      tag="div"
      title="NPM"
      titlelinkclass="gl-tab-nav-item"
    >
      <template>
        <div>
          <div
            class="row empty-state"
          >
            <div
              class="col-12"
            >
              <div
                class="svg-250 svg-content"
              >
                <img
                  alt="There are no NPM packages yet"
                  class=""
                  src="helpSvg"
                />
              </div>
            </div>
             
            <div
              class="col-12"
            >
              <div
                class="text-content"
              >
                <h4
                  class="center"
                  style=""
                >
                  There are no NPM packages yet
                </h4>
                 
                <p
                  class="center"
                  style=""
                >
                  <p>
                    Learn how to 
                    <a
                      href="helpUrl"
                      target="_blank"
                    >
                      publish and share your packages
                    </a>
                     with GitLab.
                  </p>
                </p>
                 
                <div
                  class="text-center"
                >
                  <!---->
                   
                  <!---->
                </div>
              </div>
            </div>
          </div>
        </div>
      </template>
    </b-tab-stub>
    <b-tab-stub
      buttonid=""
      tag="div"
      title="NuGet"
      titlelinkclass="gl-tab-nav-item"
    >
      <template>
        <div>
          <div
            class="row empty-state"
          >
            <div
              class="col-12"
            >
              <div
                class="svg-250 svg-content"
              >
                <img
                  alt="There are no NuGet packages yet"
                  class=""
                  src="helpSvg"
                />
              </div>
            </div>
             
            <div
              class="col-12"
            >
              <div
                class="text-content"
              >
                <h4
                  class="center"
                  style=""
                >
                  There are no NuGet packages yet
                </h4>
                 
                <p
                  class="center"
                  style=""
                >
                  <p>
                    Learn how to 
                    <a
                      href="helpUrl"
                      target="_blank"
                    >
                      publish and share your packages
                    </a>
                     with GitLab.
                  </p>
                </p>
                 
                <div
                  class="text-center"
                >
                  <!---->
                   
                  <!---->
                </div>
              </div>
            </div>
          </div>
        </div>
      </template>
    </b-tab-stub>
  </template>
  <template>
    <div
      class="align-self-center ml-auto"
    >
      <package-sort-stub />
    </div>
  </template>
</b-tabs-stub>
`;
