// Jest Snapshot v1, https://goo.gl/fbAQLP

exports[`Contribution Analytics Column Chart matches the snapshot 1`] = `
<div>
  <gl-column-chart-stub
    data="[object Object]"
    height="220"
    option="[object Object]"
    width="0"
    xaxistitle="Username"
    xaxistype="category"
    yaxistitle="Pushes"
  />
</div>
`;
